---
source: native/tests/snapshots/snapshot_tests.rs
expression: result
---
Document {
    source: Source {
        code: "\n        query { user { ...UserFields } }\n        fragment UserFields on User { id name }\n    ",
        file_path: "test.graphql",
        start_line: 0,
    },
    definitions: [
        Executable(
            Operation(
                OperationDefinition {
                    span: Span {
                        start: 9,
                        end: 41,
                    },
                    operation_type: Query,
                    name: None,
                    variable_definitions: [],
                    directives: [],
                    selection_set: SelectionSet {
                        selections: [
                            Field(
                                Field {
                                    span: Span {
                                        start: 17,
                                        end: 39,
                                    },
                                    alias: None,
                                    name: Name(
                                        "user",
                                    ),
                                    arguments: [],
                                    directives: [],
                                    selection_set: SelectionSet {
                                        selections: [
                                            FragmentSpread(
                                                FragmentSpread {
                                                    span: Span {
                                                        start: 24,
                                                        end: 39,
                                                    },
                                                    fragment_name: Name(
                                                        "UserFields",
                                                    ),
                                                    directives: [],
                                                },
                                            ),
                                        ],
                                    },
                                },
                            ),
                        ],
                    },
                },
            ),
        ),
        Executable(
            Fragment(
                FragmentDefinition {
                    span: Span {
                        start: 50,
                        end: 89,
                    },
                    name: Name(
                        "UserFields",
                    ),
                    type_condition: Name(
                        "User",
                    ),
                    directives: [],
                    selection_set: SelectionSet {
                        selections: [
                            Field(
                                Field {
                                    span: Span {
                                        start: 80,
                                        end: 87,
                                    },
                                    alias: None,
                                    name: Name(
                                        "id",
                                    ),
                                    arguments: [],
                                    directives: [],
                                    selection_set: SelectionSet {
                                        selections: [],
                                    },
                                },
                            ),
                            Field(
                                Field {
                                    span: Span {
                                        start: 83,
                                        end: 89,
                                    },
                                    alias: None,
                                    name: Name(
                                        "name",
                                    ),
                                    arguments: [],
                                    directives: [],
                                    selection_set: SelectionSet {
                                        selections: [],
                                    },
                                },
                            ),
                        ],
                    },
                },
            ),
        ),
    ],
}
