---
source: native/tests/snapshots/snapshot_tests.rs
expression: result
---
Document {
    source: Source {
        code: "\"User status\" enum Status { ACTIVE INACTIVE }",
        file_path: "test.graphql",
        start_line: 0,
    },
    definitions: [
        TypeSystem(
            Type(
                Enum(
                    EnumTypeDefinition {
                        description: Some(
                            Description {
                                value: "User status",
                            },
                        ),
                        name: Name(
                            "Status",
                        ),
                        directives: [],
                        values: [
                            EnumValueDefinition {
                                description: None,
                                value: Name(
                                    "ACTIVE",
                                ),
                                directives: [],
                            },
                            EnumValueDefinition {
                                description: None,
                                value: Name(
                                    "INACTIVE",
                                ),
                                directives: [],
                            },
                        ],
                    },
                ),
            ),
        ),
    ],
}
