---
source: native/tests/snapshots/snapshot_tests.rs
expression: result
---
Document {
    source: Source {
        code: "query { userId: user { userName: name } }",
        file_path: "test.graphql",
        start_line: 0,
    },
    definitions: [
        Executable(
            Operation(
                OperationDefinition {
                    span: Span {
                        start: 0,
                        end: 41,
                    },
                    operation_type: Query,
                    name: None,
                    variable_definitions: [],
                    directives: [],
                    selection_set: SelectionSet {
                        selections: [
                            Field(
                                Field {
                                    span: Span {
                                        start: 8,
                                        end: 39,
                                    },
                                    alias: Some(
                                        Name(
                                            "userId",
                                        ),
                                    ),
                                    name: Name(
                                        "user",
                                    ),
                                    arguments: [],
                                    directives: [],
                                    selection_set: SelectionSet {
                                        selections: [
                                            Field(
                                                Field {
                                                    span: Span {
                                                        start: 23,
                                                        end: 39,
                                                    },
                                                    alias: Some(
                                                        Name(
                                                            "userName",
                                                        ),
                                                    ),
                                                    name: Name(
                                                        "name",
                                                    ),
                                                    arguments: [],
                                                    directives: [],
                                                    selection_set: SelectionSet {
                                                        selections: [],
                                                    },
                                                },
                                            ),
                                        ],
                                    },
                                },
                            ),
                        ],
                    },
                },
            ),
        ),
    ],
}
