---
source: crates/native/tests/parser_tests.rs
expression: "parse!(r#\"query {\n            user {\n                type\n                interface\n                union\n                enum\n                input\n                scalar\n                schema\n                query\n                mutation\n                subscription\n                fragment\n                on\n                extend\n                implements\n                directive\n                repeatable\n            }\n        }\"#)"
---
Document {
    source: Source {
        code: "query {\n            user {\n                type\n                interface\n                union\n                enum\n                input\n                scalar\n                schema\n                query\n                mutation\n                subscription\n                fragment\n                on\n                extend\n                implements\n                directive\n                repeatable\n            }\n        }",
        file_path: "test.graphql",
        start_line: 1,
    },
    definitions: [
        Executable(
            Operation(
                OperationDefinition {
                    span: Span {
                        start: 0,
                        end: 431,
                    },
                    operation_type: Query,
                    name: None,
                    variable_definitions: [],
                    directives: [],
                    selection_set: SelectionSet {
                        selections: [
                            Field(
                                Field {
                                    span: Span {
                                        start: 20,
                                        end: 421,
                                    },
                                    alias: None,
                                    name: FieldName(
                                        Name(
                                            "user",
                                        ),
                                    ),
                                    arguments: [],
                                    directives: [],
                                    selection_set: SelectionSet {
                                        selections: [
                                            Field(
                                                Field {
                                                    span: Span {
                                                        start: 43,
                                                        end: 73,
                                                    },
                                                    alias: None,
                                                    name: FieldName(
                                                        Name(
                                                            "type",
                                                        ),
                                                    ),
                                                    arguments: [],
                                                    directives: [],
                                                    selection_set: SelectionSet {
                                                        selections: [],
                                                    },
                                                },
                                            ),
                                            Field(
                                                Field {
                                                    span: Span {
                                                        start: 64,
                                                        end: 95,
                                                    },
                                                    alias: None,
                                                    name: FieldName(
                                                        Name(
                                                            "interface",
                                                        ),
                                                    ),
                                                    arguments: [],
                                                    directives: [],
                                                    selection_set: SelectionSet {
                                                        selections: [],
                                                    },
                                                },
                                            ),
                                            Field(
                                                Field {
                                                    span: Span {
                                                        start: 90,
                                                        end: 116,
                                                    },
                                                    alias: None,
                                                    name: FieldName(
                                                        Name(
                                                            "union",
                                                        ),
                                                    ),
                                                    arguments: [],
                                                    directives: [],
                                                    selection_set: SelectionSet {
                                                        selections: [],
                                                    },
                                                },
                                            ),
                                            Field(
                                                Field {
                                                    span: Span {
                                                        start: 112,
                                                        end: 138,
                                                    },
                                                    alias: None,
                                                    name: FieldName(
                                                        Name(
                                                            "enum",
                                                        ),
                                                    ),
                                                    arguments: [],
                                                    directives: [],
                                                    selection_set: SelectionSet {
                                                        selections: [],
                                                    },
                                                },
                                            ),
                                            Field(
                                                Field {
                                                    span: Span {
                                                        start: 133,
                                                        end: 161,
                                                    },
                                                    alias: None,
                                                    name: FieldName(
                                                        Name(
                                                            "input",
                                                        ),
                                                    ),
                                                    arguments: [],
                                                    directives: [],
                                                    selection_set: SelectionSet {
                                                        selections: [],
                                                    },
                                                },
                                            ),
                                            Field(
                                                Field {
                                                    span: Span {
                                                        start: 155,
                                                        end: 184,
                                                    },
                                                    alias: None,
                                                    name: FieldName(
                                                        Name(
                                                            "scalar",
                                                        ),
                                                    ),
                                                    arguments: [],
                                                    directives: [],
                                                    selection_set: SelectionSet {
                                                        selections: [],
                                                    },
                                                },
                                            ),
                                            Field(
                                                Field {
                                                    span: Span {
                                                        start: 178,
                                                        end: 206,
                                                    },
                                                    alias: None,
                                                    name: FieldName(
                                                        Name(
                                                            "schema",
                                                        ),
                                                    ),
                                                    arguments: [],
                                                    directives: [],
                                                    selection_set: SelectionSet {
                                                        selections: [],
                                                    },
                                                },
                                            ),
                                            Field(
                                                Field {
                                                    span: Span {
                                                        start: 201,
                                                        end: 231,
                                                    },
                                                    alias: None,
                                                    name: FieldName(
                                                        Name(
                                                            "query",
                                                        ),
                                                    ),
                                                    arguments: [],
                                                    directives: [],
                                                    selection_set: SelectionSet {
                                                        selections: [],
                                                    },
                                                },
                                            ),
                                            Field(
                                                Field {
                                                    span: Span {
                                                        start: 223,
                                                        end: 260,
                                                    },
                                                    alias: None,
                                                    name: FieldName(
                                                        Name(
                                                            "mutation",
                                                        ),
                                                    ),
                                                    arguments: [],
                                                    directives: [],
                                                    selection_set: SelectionSet {
                                                        selections: [],
                                                    },
                                                },
                                            ),
                                            Field(
                                                Field {
                                                    span: Span {
                                                        start: 248,
                                                        end: 285,
                                                    },
                                                    alias: None,
                                                    name: FieldName(
                                                        Name(
                                                            "subscription",
                                                        ),
                                                    ),
                                                    arguments: [],
                                                    directives: [],
                                                    selection_set: SelectionSet {
                                                        selections: [],
                                                    },
                                                },
                                            ),
                                            Field(
                                                Field {
                                                    span: Span {
                                                        start: 277,
                                                        end: 304,
                                                    },
                                                    alias: None,
                                                    name: FieldName(
                                                        Name(
                                                            "fragment",
                                                        ),
                                                    ),
                                                    arguments: [],
                                                    directives: [],
                                                    selection_set: SelectionSet {
                                                        selections: [],
                                                    },
                                                },
                                            ),
                                            Field(
                                                Field {
                                                    span: Span {
                                                        start: 302,
                                                        end: 327,
                                                    },
                                                    alias: None,
                                                    name: FieldName(
                                                        Name(
                                                            "on",
                                                        ),
                                                    ),
                                                    arguments: [],
                                                    directives: [],
                                                    selection_set: SelectionSet {
                                                        selections: [],
                                                    },
                                                },
                                            ),
                                            Field(
                                                Field {
                                                    span: Span {
                                                        start: 321,
                                                        end: 354,
                                                    },
                                                    alias: None,
                                                    name: FieldName(
                                                        Name(
                                                            "extend",
                                                        ),
                                                    ),
                                                    arguments: [],
                                                    directives: [],
                                                    selection_set: SelectionSet {
                                                        selections: [],
                                                    },
                                                },
                                            ),
                                            Field(
                                                Field {
                                                    span: Span {
                                                        start: 344,
                                                        end: 380,
                                                    },
                                                    alias: None,
                                                    name: FieldName(
                                                        Name(
                                                            "implements",
                                                        ),
                                                    ),
                                                    arguments: [],
                                                    directives: [],
                                                    selection_set: SelectionSet {
                                                        selections: [],
                                                    },
                                                },
                                            ),
                                            Field(
                                                Field {
                                                    span: Span {
                                                        start: 371,
                                                        end: 407,
                                                    },
                                                    alias: None,
                                                    name: FieldName(
                                                        Name(
                                                            "directive",
                                                        ),
                                                    ),
                                                    arguments: [],
                                                    directives: [],
                                                    selection_set: SelectionSet {
                                                        selections: [],
                                                    },
                                                },
                                            ),
                                            Field(
                                                Field {
                                                    span: Span {
                                                        start: 397,
                                                        end: 421,
                                                    },
                                                    alias: None,
                                                    name: FieldName(
                                                        Name(
                                                            "repeatable",
                                                        ),
                                                    ),
                                                    arguments: [],
                                                    directives: [],
                                                    selection_set: SelectionSet {
                                                        selections: [],
                                                    },
                                                },
                                            ),
                                        ],
                                    },
                                },
                            ),
                        ],
                    },
                },
            ),
        ),
    ],
}
