---
source: crates/native/tests/parser_tests.rs
expression: "parse!(\"subscription { messageAdded { id content author { name } } }\")"
---
Document {
    source: Source {
        code: "subscription { messageAdded { id content author { name } } }",
        file_path: "test.graphql",
        start_line: 1,
    },
    definitions: [
        Executable(
            Operation(
                OperationDefinition {
                    span: Span {
                        start: 0,
                        end: 60,
                    },
                    operation_type: Subscription,
                    name: None,
                    variable_definitions: [],
                    directives: [],
                    selection_set: SelectionSet {
                        selections: [
                            Field(
                                Field {
                                    span: Span {
                                        start: 15,
                                        end: 58,
                                    },
                                    alias: None,
                                    name: FieldName(
                                        Name(
                                            "messageAdded",
                                        ),
                                    ),
                                    arguments: [],
                                    directives: [],
                                    selection_set: SelectionSet {
                                        selections: [
                                            Field(
                                                Field {
                                                    span: Span {
                                                        start: 30,
                                                        end: 40,
                                                    },
                                                    alias: None,
                                                    name: FieldName(
                                                        Name(
                                                            "id",
                                                        ),
                                                    ),
                                                    arguments: [],
                                                    directives: [],
                                                    selection_set: SelectionSet {
                                                        selections: [],
                                                    },
                                                },
                                            ),
                                            Field(
                                                Field {
                                                    span: Span {
                                                        start: 33,
                                                        end: 47,
                                                    },
                                                    alias: None,
                                                    name: FieldName(
                                                        Name(
                                                            "content",
                                                        ),
                                                    ),
                                                    arguments: [],
                                                    directives: [],
                                                    selection_set: SelectionSet {
                                                        selections: [],
                                                    },
                                                },
                                            ),
                                            Field(
                                                Field {
                                                    span: Span {
                                                        start: 41,
                                                        end: 56,
                                                    },
                                                    alias: None,
                                                    name: FieldName(
                                                        Name(
                                                            "author",
                                                        ),
                                                    ),
                                                    arguments: [],
                                                    directives: [],
                                                    selection_set: SelectionSet {
                                                        selections: [
                                                            Field(
                                                                Field {
                                                                    span: Span {
                                                                        start: 50,
                                                                        end: 56,
                                                                    },
                                                                    alias: None,
                                                                    name: FieldName(
                                                                        Name(
                                                                            "name",
                                                                        ),
                                                                    ),
                                                                    arguments: [],
                                                                    directives: [],
                                                                    selection_set: SelectionSet {
                                                                        selections: [],
                                                                    },
                                                                },
                                                            ),
                                                        ],
                                                    },
                                                },
                                            ),
                                        ],
                                    },
                                },
                            ),
                        ],
                    },
                },
            ),
        ),
    ],
}
